\BOOKMARK [1][-]{section.1}{\376\377\000V\000i\000s\000i\000\363\000n\000\040\000d\000e\000l\000\040\000P\000r\000o\000d\000u\000c\000t\000o}{}% 1
\BOOKMARK [2][-]{subsection.1.1}{\376\377\000P\000r\000o\000b\000l\000e\000m\000a\000\040\000a\000\040\000R\000e\000s\000o\000l\000v\000e\000r}{section.1}% 2
\BOOKMARK [2][-]{subsection.1.2}{\376\377\000O\000b\000j\000e\000t\000i\000v\000o\000s\000\040\000d\000e\000l\000\040\000P\000r\000o\000d\000u\000c\000t\000o}{section.1}% 3
\BOOKMARK [2][-]{subsection.1.3}{\376\377\000U\000s\000u\000a\000r\000i\000o\000s\000\040\000O\000b\000j\000e\000t\000i\000v\000o}{section.1}% 4
\BOOKMARK [2][-]{subsection.1.4}{\376\377\000V\000a\000l\000o\000r\000\040\000d\000e\000\040\000N\000e\000g\000o\000c\000i\000o}{section.1}% 5
\BOOKMARK [2][-]{subsection.1.5}{\376\377\000M\000\351\000t\000r\000i\000c\000a\000s\000\040\000d\000e\000\040\000\311\000x\000i\000t\000o}{section.1}% 6
\BOOKMARK [1][-]{section.2}{\376\377\000C\000o\000n\000s\000t\000i\000t\000u\000c\000i\000\363\000n\000\040\000d\000e\000l\000\040\000E\000q\000u\000i\000p\000o\000\040\000S\000c\000r\000u\000m}{}% 7
\BOOKMARK [2][-]{subsection.2.1}{\376\377\000I\000n\000t\000e\000g\000r\000a\000n\000t\000e\000s}{section.2}% 8
\BOOKMARK [2][-]{subsection.2.2}{\376\377\000R\000o\000l\000e\000s}{section.2}% 9
\BOOKMARK [2][-]{subsection.2.3}{\376\377\000H\000e\000r\000r\000a\000m\000i\000e\000n\000t\000a\000s}{section.2}% 10
\BOOKMARK [2][-]{subsection.2.4}{\376\377\000E\000s\000t\000r\000a\000t\000e\000g\000i\000a\000\040\000d\000e\000\040\000C\000o\000l\000a\000b\000o\000r\000a\000c\000i\000\363\000n}{section.2}% 11
\BOOKMARK [2][-]{subsection.2.5}{\376\377\000O\000r\000g\000a\000n\000i\000z\000a\000c\000i\000\363\000n\000\040\000d\000e\000l\000\040\000P\000r\000o\000y\000e\000c\000t\000o}{section.2}% 12
\BOOKMARK [1][-]{section.3}{\376\377\000A\000n\000\341\000l\000i\000s\000i\000s\000\040\000d\000e\000l\000\040\000P\000r\000o\000y\000e\000c\000t\000o}{}% 13
\BOOKMARK [2][-]{subsection.3.1}{\376\377\000N\000e\000c\000e\000s\000i\000d\000a\000d\000e\000s}{section.3}% 14
\BOOKMARK [2][-]{subsection.3.2}{\376\377\000A\000c\000t\000o\000r\000e\000s}{section.3}% 15
\BOOKMARK [2][-]{subsection.3.3}{\376\377\000R\000e\000s\000t\000r\000i\000c\000c\000i\000o\000n\000e\000s}{section.3}% 16
\BOOKMARK [2][-]{subsection.3.4}{\376\377\000S\000u\000p\000u\000e\000s\000t\000o\000s}{section.3}% 17
\BOOKMARK [2][-]{subsection.3.5}{\376\377\000F\000u\000n\000c\000i\000o\000n\000a\000l\000i\000d\000a\000d\000e\000s\000\040\000E\000s\000p\000e\000r\000a\000d\000a\000s}{section.3}% 18
\BOOKMARK [1][-]{section.4}{\376\377\000P\000r\000o\000d\000u\000c\000t\000\040\000B\000a\000c\000k\000l\000o\000g}{}% 19
\BOOKMARK [2][-]{subsection.4.1}{\376\377\000\311\000p\000i\000c\000a\000s}{section.4}% 20
\BOOKMARK [2][-]{subsection.4.2}{\376\377\000H\000i\000s\000t\000o\000r\000i\000a\000s\000\040\000d\000e\000\040\000U\000s\000u\000a\000r\000i\000o}{section.4}% 21
\BOOKMARK [3][-]{subsubsection.4.2.1}{\376\377\000E\0001\000\040\040\024\000\040\000C\000a\000t\000\341\000l\000o\000g\000o\000\040\000y\000\040\000c\000o\000m\000p\000r\000a\000\040\000a\000u\000t\000o\000g\000e\000s\000t\000i\000o\000n\000a\000d\000a}{subsection.4.2}% 22
\BOOKMARK [3][-]{subsubsection.4.2.2}{\376\377\000E\0006\000\040\040\024\000\040\000G\000e\000s\000t\000i\000\363\000n\000\040\000d\000e\000\040\000c\000a\000t\000\341\000l\000o\000g\000o}{subsection.4.2}% 23
\BOOKMARK [3][-]{subsubsection.4.2.3}{\376\377\000E\0003\000\040\040\024\000\040\000C\000o\000n\000t\000r\000o\000l\000\040\000a\000u\000t\000o\000m\000a\000t\000i\000z\000a\000d\000o\000\040\000d\000e\000\040\000s\000t\000o\000c\000k}{subsection.4.2}% 24
\BOOKMARK [3][-]{subsubsection.4.2.4}{\376\377\000E\0004\000\040\040\024\000\040\000G\000e\000s\000t\000i\000\363\000n\000\040\000d\000e\000\040\000r\000o\000l\000e\000s\000\040\000y\000\040\000s\000e\000g\000u\000r\000i\000d\000a\000d}{subsection.4.2}% 25
\BOOKMARK [3][-]{subsubsection.4.2.5}{\376\377\000E\0002\000\040\040\024\000\040\000P\000a\000n\000e\000l\000\040\000d\000e\000\040\000g\000e\000s\000t\000i\000\363\000n\000\040\000d\000e\000\040\000v\000e\000n\000t\000a\000s}{subsection.4.2}% 26
\BOOKMARK [3][-]{subsubsection.4.2.6}{\376\377\000E\0005\000\040\040\024\000\040\000N\000o\000t\000i\000f\000i\000c\000a\000c\000i\000o\000n\000e\000s\000\040\000e\000n\000\040\000t\000i\000e\000m\000p\000o\000\040\000r\000e\000a\000l}{subsection.4.2}% 27
\BOOKMARK [2][-]{subsection.4.3}{\376\377\000P\000r\000i\000o\000r\000i\000z\000a\000c\000i\000\363\000n\000\040\000I\000n\000i\000c\000i\000a\000l}{section.4}% 28
\BOOKMARK [2][-]{subsection.4.4}{\376\377\000R\000e\000q\000u\000e\000r\000i\000m\000i\000e\000n\000t\000o\000s\000\040\000N\000o\000\040\000F\000u\000n\000c\000i\000o\000n\000a\000l\000e\000s}{section.4}% 29
\BOOKMARK [2][-]{subsection.4.5}{\376\377\000R\000i\000e\000s\000g\000o\000s}{section.4}% 30
\BOOKMARK [2][-]{subsection.4.6}{\376\377\000D\000e\000u\000d\000a\000\040\000T\000\351\000c\000n\000i\000c\000a\000\040\000I\000n\000i\000c\000i\000a\000l}{section.4}% 31
\BOOKMARK [1][-]{section.5}{\376\377\000R\000e\000p\000o\000s\000i\000t\000o\000r\000i\000o\000\040\000d\000e\000l\000\040\000P\000r\000o\000y\000e\000c\000t\000o\000\040\000\050\000G\000i\000t\000H\000u\000b\000\051}{}% 32
\BOOKMARK [2][-]{subsection.5.1}{\376\377\000U\000R\000L\000\040\000d\000e\000l\000\040\000R\000e\000p\000o\000s\000i\000t\000o\000r\000i\000o}{section.5}% 33
\BOOKMARK [2][-]{subsection.5.2}{\376\377\000E\000v\000i\000d\000e\000n\000c\000i\000a\000\040\000d\000e\000l\000\040\000R\000e\000p\000o\000s\000i\000t\000o\000r\000i\000o\000\040\000\050\000R\000E\000A\000D\000M\000E\000.\000m\000d\000\051}{section.5}% 34
\BOOKMARK [2][-]{subsection.5.3}{\376\377\000E\000v\000i\000d\000e\000n\000c\000i\000a\000\040\000d\000e\000l\000\040\000G\000i\000t\000H\000u\000b\000\040\000P\000r\000o\000j\000e\000c\000t}{section.5}% 35
